10:10:13 **** Incremental Build of configuration Debug for project Led_switch_exti0 ****
make -j8 all 
arm-none-eabi-size  Led_switch_exti0.elf 
   text	   data	    bss	    dec	    hex	filename
   1048	      4	   1572	   2624	    a40	Led_switch_exti0.elf
Finished building: default.size.stdout
 
10:12:14 **** Incremental Build of configuration Debug for project Led_switch_exti0 ****
make -j8 all 
arm-none-eabi-size  Led_switch_exti0.elf 
   text	   data	    bss	    dec	    hex	filename
   1048	      4	   1572	   2624	    a40	Led_switch_exti0.elf
Finished building: default.size.stdout
 
