12:55:13 **** Incremental Build of configuration Debug for project ASSIGN_Q2 ****
make -j8 all 
arm-none-eabi-gcc "../Src/main.c" -mcpu=cortex-m4 -std=gnu11 -g3 -DDEBUG -DSTM32 -DSTM32F407G_DISC1 -DSTM32F4 -DSTM32F407VGTx -c -I../Inc -O3 -ffunction-sections -fdata-sections -Wall -fstack-usage -fcyclomatic-complexity -MMD -MP -MF"Src/main.d" -MT"Src/main.o" --specs=nano.specs -mfpu=fpv4-sp-d16 -mfloat-abi=soft -mthumb -o "Src/main.o"
arm-none-eabi-gcc -o "ASSIGN_Q2.elf" @"objects.list"   -mcpu=cortex-m4 -T"C:\Users\hp\Desktop\internship\ARM_94091_Saniya\STM_codes\ASSIGN_Q2\STM32F407VGTX_FLASH.ld" --specs=nosys.specs -Wl,-Map="ASSIGN_Q2.map" -Wl,--gc-sections -static --specs=nano.specs -mfpu=fpv4-sp-d16 -mfloat-abi=soft -mthumb -Wl,--start-group -lc -lm -Wl,--end-group
Finished building target: ASSIGN_Q2.elf
 
arm-none-eabi-size  ASSIGN_Q2.elf 
arm-none-eabi-objdump -h -S ASSIGN_Q2.elf  > "ASSIGN_Q2.list"
   text	   data	    bss	    dec	    hex	filename
   1048	      4	   1572	   2624	    a40	ASSIGN_Q2.elf
Finished building: default.size.stdout
 
Finished building: ASSIGN_Q2.list
 

12:55:17 Build Finished. 0 errors, 0 warnings. (took 3s.649ms)

