13:11:49 **** Build of configuration Debug for project ASSIN5_Q3 ****
make -j8 all 
arm-none-eabi-gcc -o "ASSIN5_Q3.elf" @"objects.list"   -mcpu=cortex-m4 -T"C:\Users\hp\Desktop\internship\ARM_94091_Saniya\STM_codes\ASSIN5_Q3\STM32F407VGTX_FLASH.ld" --specs=nosys.specs -Wl,-Map="ASSIN5_Q3.map" -Wl,--gc-sections -static --specs=nano.specs -mfpu=fpv4-sp-d16 -mfloat-abi=soft -mthumb -Wl,--start-group -lc -lm -Wl,--end-group
Finished building target: ASSIN5_Q3.elf
 
arm-none-eabi-size  ASSIN5_Q3.elf 
arm-none-eabi-objdump -h -S ASSIN5_Q3.elf  > "ASSIN5_Q3.list"
   text	   data	    bss	    dec	    hex	filename
   1404	      4	   1564	   2972	    b9c	ASSIN5_Q3.elf
Finished building: default.size.stdout
 
Finished building: ASSIN5_Q3.list
 

13:11:52 Build Finished. 0 errors, 0 warnings. (took 2s.676ms)

