09:45:44 **** Incremental Build of configuration Debug for project LCD_ASSIGNN-Q4 ****
make -j8 all 
arm-none-eabi-gcc "../Core/Src/main.c" -mcpu=cortex-m4 -std=gnu11 -g3 -DDEBUG -DUSE_HAL_DRIVER -DSTM32F407xx -c -I../Core/Inc -I../Drivers/STM32F4xx_HAL_Driver/Inc -I../Drivers/STM32F4xx_HAL_Driver/Inc/Legacy -I../Drivers/CMSIS/Device/ST/STM32F4xx/Include -I../Drivers/CMSIS/Include -O0 -ffunction-sections -fdata-sections -Wall -fstack-usage -fcyclomatic-complexity -MMD -MP -MF"Core/Src/main.d" -MT"Core/Src/main.o" --specs=nano.specs -mfpu=fpv4-sp-d16 -mfloat-abi=hard -mthumb -o "Core/Src/main.o"
arm-none-eabi-gcc -o "LCD_ASSIGNN-Q4.elf" @"objects.list"   -mcpu=cortex-m4 -T"C:\Users\hp\Desktop\internship\ARM_94091_Saniya\STM_codes\LCD_ASSIGNN-Q4\STM32F407VGTX_FLASH.ld" --specs=nosys.specs -Wl,-Map="LCD_ASSIGNN-Q4.map" -Wl,--gc-sections -static --specs=nano.specs -mfpu=fpv4-sp-d16 -mfloat-abi=hard -mthumb -Wl,--start-group -lc -lm -Wl,--end-group
Finished building target: LCD_ASSIGNN-Q4.elf
 
arm-none-eabi-size  LCD_ASSIGNN-Q4.elf 
arm-none-eabi-objdump -h -S LCD_ASSIGNN-Q4.elf  > "LCD_ASSIGNN-Q4.list"
   text	   data	    bss	    dec	    hex	filename
   9716	     12	   1660	  11388	   2c7c	LCD_ASSIGNN-Q4.elf
Finished building: default.size.stdout
 
Finished building: LCD_ASSIGNN-Q4.list
 
09:46:00 **** Incremental Build of configuration Debug for project LCD_ASSIGNN-Q4 ****
make -j8 all 
arm-none-eabi-size  LCD_ASSIGNN-Q4.elf 
   text	   data	    bss	    dec	    hex	filename
   9716	     12	   1660	  11388	   2c7c	LCD_ASSIGNN-Q4.elf
Finished building: default.size.stdout
 
