Archive member included to satisfy reference by file (symbol)

C:/Users/hp/Desktop/STM32CubeIDE_1.19.0/STM32CubeIDE/plugins/com.st.stm32cube.ide.mcu.externaltools.gnu-tools-for-stm32.13.3.rel1.win32_1.0.0.202411081344/tools/bin/../lib/gcc/arm-none-eabi/13.3.1/../../../../arm-none-eabi/lib/thumb/v7e-m/nofp\libc_nano.a(libc_a-exit.o)
                              C:/Users/hp/Desktop/STM32CubeIDE_1.19.0/STM32CubeIDE/plugins/com.st.stm32cube.ide.mcu.externaltools.gnu-tools-for-stm32.13.3.rel1.win32_1.0.0.202411081344/tools/bin/../lib/gcc/arm-none-eabi/13.3.1/../../../../arm-none-eabi/lib/thumb/v7e-m/nofp/crt0.o (exit)
C:/Users/hp/Desktop/STM32CubeIDE_1.19.0/STM32CubeIDE/plugins/com.st.stm32cube.ide.mcu.externaltools.gnu-tools-for-stm32.13.3.rel1.win32_1.0.0.202411081344/tools/bin/../lib/gcc/arm-none-eabi/13.3.1/../../../../arm-none-eabi/lib/thumb/v7e-m/nofp\libc_nano.a(libc_a-findfp.o)
                              C:/Users/hp/Desktop/STM32CubeIDE_1.19.0/STM32CubeIDE/plugins/com.st.stm32cube.ide.mcu.externaltools.gnu-tools-for-stm32.13.3.rel1.win32_1.0.0.202411081344/tools/bin/../lib/gcc/arm-none-eabi/13.3.1/../../../../arm-none-eabi/lib/thumb/v7e-m/nofp\libc_nano.a(libc_a-exit.o) (__stdio_exit_handler)
C:/Users/hp/Desktop/STM32CubeIDE_1.19.0/STM32CubeIDE/plugins/com.st.stm32cube.ide.mcu.externaltools.gnu-tools-for-stm32.13.3.rel1.win32_1.0.0.202411081344/tools/bin/../lib/gcc/arm-none-eabi/13.3.1/../../../../arm-none-eabi/lib/thumb/v7e-m/nofp\libc_nano.a(libc_a-fwalk.o)
                              C:/Users/hp/Desktop/STM32CubeIDE_1.19.0/STM32CubeIDE/plugins/com.st.stm32cube.ide.mcu.externaltools.gnu-tools-for-stm32.13.3.rel1.win32_1.0.0.202411081344/tools/bin/../lib/gcc/arm-none-eabi/13.3.1/../../../../arm-none-eabi/lib/thumb/v7e-m/nofp\libc_nano.a(libc_a-findfp.o) (_fwalk_sglue)
C:/Users/hp/Desktop/STM32CubeIDE_1.19.0/STM32CubeIDE/plugins/com.st.stm32cube.ide.mcu.externaltools.gnu-tools-for-stm32.13.3.rel1.win32_1.0.0.202411081344/tools/bin/../lib/gcc/arm-none-eabi/13.3.1/../../../../arm-none-eabi/lib/thumb/v7e-m/nofp\libc_nano.a(libc_a-stdio.o)
                              C:/Users/hp/Desktop/STM32CubeIDE_1.19.0/STM32CubeIDE/plugins/com.st.stm32cube.ide.mcu.externaltools.gnu-tools-for-stm32.13.3.rel1.win32_1.0.0.202411081344/tools/bin/../lib/gcc/arm-none-eabi/13.3.1/../../../../arm-none-eabi/lib/thumb/v7e-m/nofp\libc_nano.a(libc_a-findfp.o) (__sread)
C:/Users/hp/Desktop/STM32CubeIDE_1.19.0/STM32CubeIDE/plugins/com.st.stm32cube.ide.mcu.externaltools.gnu-tools-for-stm32.13.3.rel1.win32_1.0.0.202411081344/tools/bin/../lib/gcc/arm-none-eabi/13.3.1/../../../../arm-none-eabi/lib/thumb/v7e-m/nofp\libc_nano.a(libc_a-memset.o)
                              C:/Users/hp/Desktop/STM32CubeIDE_1.19.0/STM32CubeIDE/plugins/com.st.stm32cube.ide.mcu.externaltools.gnu-tools-for-stm32.13.3.rel1.win32_1.0.0.202411081344/tools/bin/../lib/gcc/arm-none-eabi/13.3.1/../../../../arm-none-eabi/lib/thumb/v7e-m/nofp/crt0.o (memset)
C:/Users/hp/Desktop/STM32CubeIDE_1.19.0/STM32CubeIDE/plugins/com.st.stm32cube.ide.mcu.externaltools.gnu-tools-for-stm32.13.3.rel1.win32_1.0.0.202411081344/tools/bin/../lib/gcc/arm-none-eabi/13.3.1/../../../../arm-none-eabi/lib/thumb/v7e-m/nofp\libc_nano.a(libc_a-closer.o)
                              C:/Users/hp/Desktop/STM32CubeIDE_1.19.0/STM32CubeIDE/plugins/com.st.stm32cube.ide.mcu.externaltools.gnu-tools-for-stm32.13.3.rel1.win32_1.0.0.202411081344/tools/bin/../lib/gcc/arm-none-eabi/13.3.1/../../../../arm-none-eabi/lib/thumb/v7e-m/nofp\libc_nano.a(libc_a-stdio.o) (_close_r)
C:/Users/hp/Desktop/STM32CubeIDE_1.19.0/STM32CubeIDE/plugins/com.st.stm32cube.ide.mcu.externaltools.gnu-tools-for-stm32.13.3.rel1.win32_1.0.0.202411081344/tools/bin/../lib/gcc/arm-none-eabi/13.3.1/../../../../arm-none-eabi/lib/thumb/v7e-m/nofp\libc_nano.a(libc_a-reent.o)
                              C:/Users/hp/Desktop/STM32CubeIDE_1.19.0/STM32CubeIDE/plugins/com.st.stm32cube.ide.mcu.externaltools.gnu-tools-for-stm32.13.3.rel1.win32_1.0.0.202411081344/tools/bin/../lib/gcc/arm-none-eabi/13.3.1/../../../../arm-none-eabi/lib/thumb/v7e-m/nofp\libc_nano.a(libc_a-closer.o) (errno)
C:/Users/hp/Desktop/STM32CubeIDE_1.19.0/STM32CubeIDE/plugins/com.st.stm32cube.ide.mcu.externaltools.gnu-tools-for-stm32.13.3.rel1.win32_1.0.0.202411081344/tools/bin/../lib/gcc/arm-none-eabi/13.3.1/../../../../arm-none-eabi/lib/thumb/v7e-m/nofp\libc_nano.a(libc_a-impure.o)
                              C:/Users/hp/Desktop/STM32CubeIDE_1.19.0/STM32CubeIDE/plugins/com.st.stm32cube.ide.mcu.externaltools.gnu-tools-for-stm32.13.3.rel1.win32_1.0.0.202411081344/tools/bin/../lib/gcc/arm-none-eabi/13.3.1/../../../../arm-none-eabi/lib/thumb/v7e-m/nofp\libc_nano.a(libc_a-reent.o) (_impure_ptr)
C:/Users/hp/Desktop/STM32CubeIDE_1.19.0/STM32CubeIDE/plugins/com.st.stm32cube.ide.mcu.externaltools.gnu-tools-for-stm32.13.3.rel1.win32_1.0.0.202411081344/tools/bin/../lib/gcc/arm-none-eabi/13.3.1/../../../../arm-none-eabi/lib/thumb/v7e-m/nofp\libc_nano.a(libc_a-lseekr.o)
[...]
Memory Configuration

Name             Origin             Length             Attributes
CCMRAM           0x10000000         0x00010000         xrw
RAM              0x20000000         0x00020000         xrw
FLASH            0x08000000         0x00100000         xr
*default*        0x00000000         0xffffffff

Linker script and memory map

LOAD C:/Users/hp/Desktop/STM32CubeIDE_1.19.0/STM32CubeIDE/plugins/com.st.stm32cube.ide.mcu.externaltools.gnu-tools-for-stm32.13.3.rel1.win32_1.0.0.202411081344/tools/bin/../lib/gcc/arm-none-eabi/13.3.1/thumb/v7e-m/nofp/crti.o
LOAD C:/Users/hp/Desktop/STM32CubeIDE_1.19.0/STM32CubeIDE/plugins/com.st.stm32cube.ide.mcu.externaltools.gnu-tools-for-stm32.13.3.rel1.win32_1.0.0.202411081344/tools/bin/../lib/gcc/arm-none-eabi/13.3.1/thumb/v7e-m/nofp/crtbegin.o
LOAD C:/Users/hp/Desktop/STM32CubeIDE_1.19.0/STM32CubeIDE/plugins/com.st.stm32cube.ide.mcu.externaltools.gnu-tools-for-stm32.13.3.rel1.win32_1.0.0.202411081344/tools/bin/../lib/gcc/arm-none-eabi/13.3.1/../../../../arm-none-eabi/lib/thumb/v7e-m/nofp/crt0.o
LOAD ./Src/itm.o
LOAD ./Src/main.o
LOAD ./Src/my_ledd.o
LOAD ./Src/syscalls.o
LOAD ./Src/sysmem.o
LOAD ./Src/system_stm32f4xx.o
LOAD ./Startup/startup_stm32f407vgtx.o
START GROUP
LOAD C:/Users/hp/Desktop/STM32CubeIDE_1.19.0/STM32CubeIDE/plugins/com.st.stm32cube.ide.mcu.externaltools.gnu-tools-for-stm32.13.3.rel1.win32_1.0.0.202411081344/tools/bin/../lib/gcc/arm-none-eabi/13.3.1/../../../../arm-none-eabi/lib/thumb/v7e-m/nofp\libc_nano.a
LOAD C:/Users/hp/Desktop/STM32CubeIDE_1.19.0/STM32CubeIDE/plugins/com.st.stm32cube.ide.mcu.externaltools.gnu-tools-for-stm32.13.3.rel1.win32_1.0.0.202411081344/tools/bin/../lib/gcc/arm-none-eabi/13.3.1/../../../../arm-none-eabi/lib/thumb/v7e-m/nofp\libm.a
END GROUP
START GROUP
LOAD C:/Users/hp/Desktop/STM32CubeIDE_1.19.0/STM32CubeIDE/plugins/com.st.stm32cube.ide.mcu.externaltools.gnu-tools-for-stm32.13.3.rel1.win32_1.0.0.202411081344/tools/bin/../lib/gcc/arm-none-eabi/13.3.1/thumb/v7e-m/nofp\libgcc.a
LOAD C:/Users/hp/Desktop/STM32CubeIDE_1.19.0/STM32CubeIDE/plugins/com.st.stm32cube.ide.mcu.externaltools.gnu-tools-for-stm32.13.3.rel1.win32_1.0.0.202411081344/tools/bin/../lib/gcc/arm-none-eabi/13.3.1/../../../../arm-none-eabi/lib/thumb/v7e-m/nofp\libc_nano.a
END GROUP
START GROUP
LOAD C:/Users/hp/Desktop/STM32CubeIDE_1.19.0/STM32CubeIDE/plugins/com.st.stm32cube.ide.mcu.externaltools.gnu-tools-for-stm32.13.3.rel1.win32_1.0.0.202411081344/tools/bin/../lib/gcc/arm-none-eabi/13.3.1/thumb/v7e-m/nofp\libgcc.a
LOAD C:/Users/hp/Desktop/STM32CubeIDE_1.19.0/STM32CubeIDE/plugins/com.st.stm32cube.ide.mcu.externaltools.gnu-tools-for-stm32.13.3.rel1.win32_1.0.0.202411081344/tools/bin/../lib/gcc/arm-none-eabi/13.3.1/../../../../arm-none-eabi/lib/thumb/v7e-m/nofp\libc_nano.a
LOAD C:/Users/hp/Desktop/STM32CubeIDE_1.19.0/STM32CubeIDE/plugins/com.st.stm32cube.ide.mcu.externaltools.gnu-tools-for-stm32.13.3.rel1.win32_1.0.0.202411081344/tools/bin/../lib/gcc/arm-none-eabi/13.3.1/../../../../arm-none-eabi/lib/thumb/v7e-m/nofp\libnosys.a
END GROUP
START GROUP
LOAD C:/Users/hp/Desktop/STM32CubeIDE_1.19.0/STM32CubeIDE/plugins/com.st.stm32cube.ide.mcu.externaltools.gnu-tools-for-stm32.13.3.rel1.win32_1.0.0.202411081344/tools/bin/../lib/gcc/arm-none-eabi/13.3.1/thumb/v7e-m/nofp\libgcc.a
LOAD C:/Users/hp/Desktop/STM32CubeIDE_1.19.0/STM32CubeIDE/plugins/com.st.stm32cube.ide.mcu.externaltools.gnu-tools-for-stm32.13.3.rel1.win32_1.0.0.202411081344/tools/bin/../lib/gcc/arm-none-eabi/13.3.1/../../../../arm-none-eabi/lib/thumb/v7e-m/nofp\libc_nano.a
LOAD C:/Users/hp/Desktop/STM32CubeIDE_1.19.0/STM32CubeIDE/plugins/com.st.stm32cube.ide.mcu.externaltools.gnu-tools-for-stm32.13.3.rel1.win32_1.0.0.202411081344/tools/bin/../lib/gcc/arm-none-eabi/13.3.1/../../../../arm-none-eabi/lib/thumb/v7e-m/nofp\libnosys.a
END GROUP
LOAD C:/Users/hp/Desktop/STM32CubeIDE_1.19.0/STM32CubeIDE/plugins/com.st.stm32cube.ide.mcu.externaltools.gnu-tools-for-stm32.13.3.rel1.win32_1.0.0.202411081344/tools/bin/../lib/gcc/arm-none-eabi/13.3.1/thumb/v7e-m/nofp/crtend.o
LOAD C:/Users/hp/Desktop/STM32CubeIDE_1.19.0/STM32CubeIDE/plugins/com.st.stm32cube.ide.mcu.externaltools.gnu-tools-for-stm32.13.3.rel1.win32_1.0.0.202411081344/tools/bin/../lib/gcc/arm-none-eabi/13.3.1/thumb/v7e-m/nofp/crtn.o
                0x20020000                        _estack = (ORIGIN (RAM) + LENGTH (RAM))
                0x00000200                        _Min_Heap_Size = 0x200
                0x00000400                        _Min_Stack_Size = 0x400

.isr_vector     0x08000000      0x188
                0x08000000                        . = ALIGN (0x4)
 *(.isr_vector)
 .isr_vector    0x08000000      0x188 ./Startup/startup_stm32f407vgtx.o
                0x08000000                g_pfnVectors
                0x08000188                        . = ALIGN (0x4)

.text           0x08000188      0x280
                0x08000188                        . = ALIGN (0x4)
 *(.text)
 .text          0x08000188       0x40 C:/Users/hp/Desktop/STM32CubeIDE_1.19.0/STM32CubeIDE/plugins/com.st.stm32cube.ide.mcu.externaltools.gnu-tools-for-stm32.13.3.rel1.win32_1.0.0.202411081344/tools/bin/../lib/gcc/arm-none-eabi/13.3.1/thumb/v7e-m/nofp/crtbegin.o
 *(.text*)
 .text.DelayMs  0x080001c8       0x50 ./Src/main.o
 .text.main     0x08000218       0x24 ./Src/main.o
                0x08000218                main
 .text.led_init
                0x0800023c       0x74 ./Src/my_ledd.o
                0x0800023c                led_init
 .text.led_on   0x080002b0       0x1c ./Src/my_ledd.o
                0x080002b0                led_on
 .text.led_off  0x080002cc       0x1c ./Src/my_ledd.o
                0x080002cc                led_off
 .text.SystemInit
                0x080002e8        0xc ./Src/system_stm32f4xx.o
                0x080002e8                SystemInit
 .text.DWT_Init
                0x080002f4       0x60 ./Src/system_stm32f4xx.o
                0x080002f4                DWT_Init
 .text.Reset_Handler
                0x08000354       0x50 ./Startup/startup_stm32f407vgtx.o
                0x08000354                Reset_Handler
 .text.Default_Handler
                0x080003a4        0x2 ./Startup/startup_stm32f407vgtx.o
                0x080003a4                RTC_Alarm_IRQHandler
                0x080003a4                HASH_RNG_IRQHandler
                0x080003a4                EXTI2_IRQHandler
                0x080003a4                TIM8_CC_IRQHandler
                0x080003a4                DebugMon_Handler
                0x080003a4                TIM1_CC_IRQHandler
                0x080003a4                DMA2_Stream5_IRQHandler
                0x080003a4                HardFault_Handler
                0x080003a4                DMA1_Stream5_IRQHandler
                0x080003a4                SysTick_Handler
                0x080003a4                PVD_IRQHandler
                0x080003a4                SDIO_IRQHandler
                0x080003a4                TAMP_STAMP_IRQHandler
                0x080003a4                PendSV_Handler
                0x080003a4                NMI_Handler
                0x080003a4                CAN2_RX1_IRQHandler
                0x080003a4                EXTI3_IRQHandler
                0x080003a4                TIM8_TRG_COM_TIM14_IRQHandler
                0x080003a4                TIM1_UP_TIM10_IRQHandler
                0x080003a4                TIM8_UP_TIM13_IRQHandler
                0x080003a4                I2C3_ER_IRQHandler
                0x080003a4                EXTI0_IRQHandler
                0x080003a4                I2C2_EV_IRQHandler
                0x080003a4                DMA1_Stream2_IRQHandler
                0x080003a4                CAN1_RX0_IRQHandler
                0x080003a4                FPU_IRQHandler
                0x080003a4                OTG_HS_WKUP_IRQHandler
                0x080003a4                UsageFault_Handler
                0x080003a4                CAN2_SCE_IRQHandler
                0x080003a4                DMA2_Stream2_IRQHandler
                0x080003a4                SPI1_IRQHandler
                0x080003a4                TIM6_DAC_IRQHandler
                0x080003a4                TIM1_BRK_TIM9_IRQHandler
                0x080003a4                DCMI_IRQHandler
                0x080003a4                CAN2_RX0_IRQHandler
                0x080003a4                DMA2_Stream3_IRQHandler
                0x080003a4                USART6_IRQHandler
                0x080003a4                USART3_IRQHandler
                0x080003a4                CRYP_IRQHandler
                0x080003a4                CAN1_RX1_IRQHandler
                0x080003a4                UART5_IRQHandler
                0x080003a4                DMA2_Stream0_IRQHandler
                0x080003a4                TIM4_IRQHandler
                0x080003a4                I2C1_EV_IRQHandler
                0x080003a4                DMA1_Stream6_IRQHandler
                0x080003a4                DMA1_Stream1_IRQHandler
                0x080003a4                UART4_IRQHandler
                0x080003a4                TIM3_IRQHandler
                0x080003a4                RCC_IRQHandler
                0x080003a4                TIM8_BRK_TIM12_IRQHandler
                0x080003a4                Default_Handler
                0x080003a4                EXTI15_10_IRQHandler
                0x080003a4                ADC_IRQHandler
                0x080003a4                DMA1_Stream7_IRQHandler
                0x080003a4                TIM7_IRQHandler
                0x080003a4                CAN2_TX_IRQHandler
                0x080003a4                TIM5_IRQHandler
                0x080003a4                DMA2_Stream7_IRQHandler
                0x080003a4                I2C3_EV_IRQHandler
                0x080003a4                EXTI9_5_IRQHandler
                0x080003a4                RTC_WKUP_IRQHandler
                0x080003a4                ETH_WKUP_IRQHandler
                0x080003a4                SPI2_IRQHandler
                0x080003a4                OTG_HS_EP1_IN_IRQHandler
                0x080003a4                MemManage_Handler
                0x080003a4                DMA1_Stream0_IRQHandler
                0x080003a4                CAN1_TX_IRQHandler
                0x080003a4                SVC_Handler
                0x080003a4                EXTI4_IRQHandler
                0x080003a4                FSMC_IRQHandler
                0x080003a4                ETH_IRQHandler
                0x080003a4                OTG_HS_EP1_OUT_IRQHandler
                0x080003a4                WWDG_IRQHandler
                0x080003a4                TIM2_IRQHandler
                0x080003a4                OTG_FS_WKUP_IRQHandler
                0x080003a4                TIM1_TRG_COM_TIM11_IRQHandler
                0x080003a4                OTG_HS_IRQHandler
                0x080003a4                EXTI1_IRQHandler
                0x080003a4                USART2_IRQHandler
                0x080003a4                I2C2_ER_IRQHandler
                0x080003a4                DMA2_Stream1_IRQHandler
                0x080003a4                CAN1_SCE_IRQHandler
                0x080003a4                DMA2_Stream4_IRQHandler
                0x080003a4                BusFault_Handler
                0x080003a4                USART1_IRQHandler
                0x080003a4                OTG_FS_IRQHandler
                0x080003a4                SPI3_IRQHandler
                0x080003a4                DMA1_Stream4_IRQHandler
                0x080003a4                I2C1_ER_IRQHandler
                0x080003a4                DMA2_Stream6_IRQHandler
                0x080003a4                DMA1_Stream3_IRQHandler
 *fill*         0x080003a6        0x2 
 .text.__libc_init_array
                0x080003a8       0x48 C:/Users/hp/Desktop/STM32CubeIDE_1.19.0/STM32CubeIDE/plugins/com.st.stm32cube.ide.mcu.externaltools.gnu-tools-for-stm32.13.3.rel1.win32_1.0.0.202411081344/tools/bin/../lib/gcc/arm-none-eabi/13.3.1/../../../../arm-none-eabi/lib/thumb/v7e-m/nofp\libc_nano.a(libc_a-init.o)
                0x080003a8                __libc_init_array
 *(.glue_7)
 .glue_7        0x080003f0        0x0 linker stubs
 *(.glue_7t)
 .glue_7t       0x080003f0        0x0 linker stubs
 *(.eh_frame)
 .eh_frame      0x080003f0        0x0 C:/Users/hp/Desktop/STM32CubeIDE_1.19.0/STM32CubeIDE/plugins/com.st.stm32cube.ide.mcu.externaltools.gnu-tools-for-stm32.13.3.rel1.win32_1.0.0.202411081344/tools/bin/../lib/gcc/arm-none-eabi/13.3.1/thumb/v7e-m/nofp/crtbegin.o
 *(.init)
 .init          0x080003f0        0x4 C:/Users/hp/Desktop/STM32CubeIDE_1.19.0/STM32CubeIDE/plugins/com.st.stm32cube.ide.mcu.externaltools.gnu-tools-for-stm32.13.3.rel1.win32_1.0.0.202411081344/tools/bin/../lib/gcc/arm-none-eabi/13.3.1/thumb/v7e-m/nofp/crti.o
                0x080003f0                _init
 .init          0x080003f4        0x8 C:/Users/hp/Desktop/STM32CubeIDE_1.19.0/STM32CubeIDE/plugins/com.st.stm32cube.ide.mcu.externaltools.gnu-tools-for-stm32.13.3.rel1.win32_1.0.0.202411081344/tools/bin/../lib/gcc/arm-none-eabi/13.3.1/thumb/v7e-m/nofp/crtn.o
 *(.fini)
 .fini          0x080003fc        0x4 C:/Users/hp/Desktop/STM32CubeIDE_1.19.0/STM32CubeIDE/plugins/com.st.stm32cube.ide.mcu.externaltools.gnu-tools-for-stm32.13.3.rel1.win32_1.0.0.202411081344/tools/bin/../lib/gcc/arm-none-eabi/13.3.1/thumb/v7e-m/nofp/crti.o
                0x080003fc                _fini
 .fini          0x08000400        0x8 C:/Users/hp/Desktop/STM32CubeIDE_1.19.0/STM32CubeIDE/plugins/com.st.stm32cube.ide.mcu.externaltools.gnu-tools-for-stm32.13.3.rel1.win32_1.0.0.202411081344/tools/bin/../lib/gcc/arm-none-eabi/13.3.1/thumb/v7e-m/nofp/crtn.o
                0x08000408                        . = ALIGN (0x4)
                0x08000408                        _etext = .

.vfp11_veneer   0x08000408        0x0
 .vfp11_veneer  0x08000408        0x0 linker stubs

.v4_bx          0x08000408        0x0
 .v4_bx         0x08000408        0x0 linker stubs

.iplt           0x08000408        0x0
 .iplt          0x08000408        0x0 C:/Users/hp/Desktop/STM32CubeIDE_1.19.0/STM32CubeIDE/plugins/com.st.stm32cube.ide.mcu.externaltools.gnu-tools-for-stm32.13.3.rel1.win32_1.0.0.202411081344/tools/bin/../lib/gcc/arm-none-eabi/13.3.1/thumb/v7e-m/nofp/crtbegin.o

.rodata         0x08000408        0x0
                0x08000408                        . = ALIGN (0x4)
 *(.rodata)
 *(.rodata*)
                0x08000408                        . = ALIGN (0x4)

.ARM.extab      0x08000408        0x0
                0x08000408                        . = ALIGN (0x4)
 *(.ARM.extab* .gnu.linkonce.armextab.*)
                0x08000408                        . = ALIGN (0x4)

.ARM            0x08000408        0x0
                0x08000408                        . = ALIGN (0x4)
                0x08000408                        __exidx_start = .
 *(.ARM.exidx*)
                0x08000408                        __exidx_end = .
                0x08000408                        . = ALIGN (0x4)

.preinit_array  0x08000408        0x0
                0x08000408                        . = ALIGN (0x4)
                0x08000408                        PROVIDE (__preinit_array_start = .)
 *(.preinit_array*)
                0x08000408                        PROVIDE (__preinit_array_end = .)
                0x08000408                        . = ALIGN (0x4)

.init_array     0x08000408        0x4
                0x08000408                        . = ALIGN (0x4)
                0x08000408                        PROVIDE (__init_array_start = .)
 *(SORT_BY_NAME(.init_array.*))
 *(.init_array*)
 .init_array    0x08000408        0x4 C:/Users/hp/Desktop/STM32CubeIDE_1.19.0/STM32CubeIDE/plugins/com.st.stm32cube.ide.mcu.externaltools.gnu-tools-for-stm32.13.3.rel1.win32_1.0.0.202411081344/tools/bin/../lib/gcc/arm-none-eabi/13.3.1/thumb/v7e-m/nofp/crtbegin.o
                0x0800040c                        PROVIDE (__init_array_end = .)
                0x0800040c                        . = ALIGN (0x4)

.fini_array     0x0800040c        0x4
                0x0800040c                        . = ALIGN (0x4)
                [!provide]                        PROVIDE (__fini_array_start = .)
 *(SORT_BY_NAME(.fini_array.*))
 *(.fini_array*)
 .fini_array    0x0800040c        0x4 C:/Users/hp/Desktop/STM32CubeIDE_1.19.0/STM32CubeIDE/plugins/com.st.stm32cube.ide.mcu.externaltools.gnu-tools-for-stm32.13.3.rel1.win32_1.0.0.202411081344/tools/bin/../lib/gcc/arm-none-eabi/13.3.1/thumb/v7e-m/nofp/crtbegin.o
                [!provide]                        PROVIDE (__fini_array_end = .)
                0x08000410                        . = ALIGN (0x4)
                0x08000410                        _sidata = LOADADDR (.data)

.rel.dyn        0x08000410        0x0
 .rel.iplt      0x08000410        0x0 C:/Users/hp/Desktop/STM32CubeIDE_1.19.0/STM32CubeIDE/plugins/com.st.stm32cube.ide.mcu.externaltools.gnu-tools-for-stm32.13.3.rel1.win32_1.0.0.202411081344/tools/bin/../lib/gcc/arm-none-eabi/13.3.1/thumb/v7e-m/nofp/crtbegin.o

.data           0x20000000        0x4 load address 0x08000410
                0x20000000                        . = ALIGN (0x4)
                0x20000000                        _sdata = .
 *(.data)
 *(.data*)
 .data.SystemCoreClock
                0x20000000        0x4 ./Src/system_stm32f4xx.o
                0x20000000                SystemCoreClock
 *(.RamFunc)
 *(.RamFunc*)
                0x20000004                        . = ALIGN (0x4)
                0x20000004                        _edata = .
                0x08000414                        _siccmram = LOADADDR (.ccmram)

.igot.plt       0x20000004        0x0 load address 0x08000414
 .igot.plt      0x20000004        0x0 C:/Users/hp/Desktop/STM32CubeIDE_1.19.0/STM32CubeIDE/plugins/com.st.stm32cube.ide.mcu.externaltools.gnu-tools-for-stm32.13.3.rel1.win32_1.0.0.202411081344/tools/bin/../lib/gcc/arm-none-eabi/13.3.1/thumb/v7e-m/nofp/crtbegin.o

.ccmram         0x10000000        0x0 load address 0x08000414
                0x10000000                        . = ALIGN (0x4)
                0x10000000                        _sccmram = .
 *(.ccmram)
 *(.ccmram*)
                0x10000000                        . = ALIGN (0x4)
                0x10000000                        _eccmram = .
                0x10000000                        . = ALIGN (0x4)

.bss            0x20000004       0x1c
                0x20000004                        _sbss = .
                0x20000004                        __bss_start__ = _sbss
 *(.bss)
 .bss           0x20000004       0x1c C:/Users/hp/Desktop/STM32CubeIDE_1.19.0/STM32CubeIDE/plugins/com.st.stm32cube.ide.mcu.externaltools.gnu-tools-for-stm32.13.3.rel1.win32_1.0.0.202411081344/tools/bin/../lib/gcc/arm-none-eabi/13.3.1/thumb/v7e-m/nofp/crtbegin.o
 *(.bss*)
 *(COMMON)
                0x20000020                        . = ALIGN (0x4)
                0x20000020                        _ebss = .
                0x20000020                        __bss_end__ = _ebss

._user_heap_stack
                0x20000020      0x600
                0x20000020                        . = ALIGN (0x8)
                [!provide]                        PROVIDE (end = .)
                0x20000020                        PROVIDE (_end = .)
                0x20000220                        . = (. + _Min_Heap_Size)
 *fill*         0x20000020      0x200 
                0x20000620                        . = (. + _Min_Stack_Size)
 *fill*         0x20000220      0x400 
                0x20000620                        . = ALIGN (0x8)

/DISCARD/
 libc.a(*)
 libm.a(*)
 libgcc.a(*)

.ARM.attributes
                0x00000000       0x2a
 *(.ARM.attributes)
 .ARM.attributes
                0x00000000       0x1e C:/Users/hp/Desktop/STM32CubeIDE_1.19.0/STM32CubeIDE/plugins/com.st.stm32cube.ide.mcu.externaltools.gnu-tools-for-stm32.13.3.rel1.win32_1.0.0.202411081344/tools/bin/../lib/gcc/arm-none-eabi/13.3.1/thumb/v7e-m/nofp/crti.o
 .ARM.attributes
                0x0000001e       0x2e C:/Users/hp/Desktop/STM32CubeIDE_1.19.0/STM32CubeIDE/plugins/com.st.stm32cube.ide.mcu.externaltools.gnu-tools-for-stm32.13.3.rel1.win32_1.0.0.202411081344/tools/bin/../lib/gcc/arm-none-eabi/13.3.1/thumb/v7e-m/nofp/crtbegin.o
 .ARM.attributes
                0x0000004c       0x2e ./Src/main.o
 .ARM.attributes
                0x0000007a       0x2e ./Src/my_ledd.o
 .ARM.attributes
                0x000000a8       0x2e ./Src/system_stm32f4xx.o
 .ARM.attributes
                0x000000d6       0x21 ./Startup/startup_stm32f407vgtx.o
 .ARM.attributes
                0x000000f7       0x2e C:/Users/hp/Desktop/STM32CubeIDE_1.19.0/STM32CubeIDE/plugins/com.st.stm32cube.ide.mcu.externaltools.gnu-tools-for-stm32.13.3.rel1.win32_1.0.0.202411081344/tools/bin/../lib/gcc/arm-none-eabi/13.3.1/../../../../arm-none-eabi/lib/thumb/v7e-m/nofp\libc_nano.a(libc_a-init.o)
 .ARM.attributes
                0x00000125       0x1e C:/Users/hp/Desktop/STM32CubeIDE_1.19.0/STM32CubeIDE/plugins/com.st.stm32cube.ide.mcu.externaltools.gnu-tools-for-stm32.13.3.rel1.win32_1.0.0.202411081344/tools/bin/../lib/gcc/arm-none-eabi/13.3.1/thumb/v7e-m/nofp/crtn.o
OUTPUT(LED_D.c.elf elf32-littlearm)
LOAD linker stubs
LOAD C:/Users/hp/Desktop/STM32CubeIDE_1.19.0/STM32CubeIDE/plugins/com.st.stm32cube.ide.mcu.externaltools.gnu-tools-for-stm32.13.3.rel1.win32_1.0.0.202411081344/tools/bin/../lib/gcc/arm-none-eabi/13.3.1/../../../../arm-none-eabi/lib/thumb/v7e-m/nofp\libc.a
LOAD C:/Users/hp/Desktop/STM32CubeIDE_1.19.0/STM32CubeIDE/plugins/com.st.stm32cube.ide.mcu.externaltools.gnu-tools-for-stm32.13.3.rel1.win32_1.0.0.202411081344/tools/bin/../lib/gcc/arm-none-eabi/13.3.1/../../../../arm-none-eabi/lib/thumb/v7e-m/nofp\libm.a
LOAD C:/Users/hp/Desktop/STM32CubeIDE_1.19.0/STM32CubeIDE/plugins/com.st.stm32cube.ide.mcu.externaltools.gnu-tools-for-stm32.13.3.rel1.win32_1.0.0.202411081344/tools/bin/../lib/gcc/arm-none-eabi/13.3.1/thumb/v7e-m/nofp\libgcc.a

.debug_info     0x00000000      0xaac
 .debug_info    0x00000000      0x24c ./Src/main.o
 .debug_info    0x0000024c      0x2ea ./Src/my_ledd.o
 .debug_info    0x00000536      0x546 ./Src/system_stm32f4xx.o
 .debug_info    0x00000a7c       0x30 ./Startup/startup_stm32f407vgtx.o

.debug_abbrev   0x00000000      0x349
 .debug_abbrev  0x00000000      0x10a ./Src/main.o
 .debug_abbrev  0x0000010a       0xb8 ./Src/my_ledd.o
 .debug_abbrev  0x000001c2      0x163 ./Src/system_stm32f4xx.o
 .debug_abbrev  0x00000325       0x24 ./Startup/startup_stm32f407vgtx.o

.debug_aranges  0x00000000       0xb8
 .debug_aranges
                0x00000000       0x28 ./Src/main.o
 .debug_aranges
                0x00000028       0x30 ./Src/my_ledd.o
 .debug_aranges
                0x00000058       0x38 ./Src/system_stm32f4xx.o
 .debug_aranges
                0x00000090       0x28 ./Startup/startup_stm32f407vgtx.o

.debug_rnglists
                0x00000000       0x77
 .debug_rnglists
                0x00000000       0x19 ./Src/main.o
 .debug_rnglists
                0x00000019       0x1f ./Src/my_ledd.o
 .debug_rnglists
                0x00000038       0x26 ./Src/system_stm32f4xx.o
 .debug_rnglists
                0x0000005e       0x19 ./Startup/startup_stm32f407vgtx.o

.debug_macro    0x00000000    0x1805e
 .debug_macro   0x00000000      0x1ac ./Src/main.o
 .debug_macro   0x000001ac       0x61 ./Src/main.o
 .debug_macro   0x0000020d       0x24 ./Src/main.o
 .debug_macro   0x00000231       0x43 ./Src/main.o
 .debug_macro   0x00000274       0x34 ./Src/main.o
 .debug_macro   0x000002a8       0x16 ./Src/main.o
 .debug_macro   0x000002be       0x9e ./Src/main.o
 .debug_macro   0x0000035c      0x370 ./Src/main.o
 .debug_macro   0x000006cc      0x112 ./Src/main.o
 .debug_macro   0x000007de       0x10 ./Src/main.o
 .debug_macro   0x000007ee       0x16 ./Src/main.o
 .debug_macro   0x00000804       0x4a ./Src/main.o
 .debug_macro   0x0000084e       0x34 ./Src/main.o
 .debug_macro   0x00000882       0x10 ./Src/main.o
 .debug_macro   0x00000892       0x58 ./Src/main.o
 .debug_macro   0x000008ea       0x8e ./Src/main.o
 .debug_macro   0x00000978       0x1c ./Src/main.o
 .debug_macro   0x00000994      0x185 ./Src/main.o
 .debug_macro   0x00000b19       0x16 ./Src/main.o
 .debug_macro   0x00000b2f       0x16 ./Src/main.o
 .debug_macro   0x00000b45      0x146 ./Src/main.o
 .debug_macro   0x00000c8b       0x2f ./Src/main.o
 .debug_macro   0x00000cba       0x1c ./Src/main.o
 .debug_macro   0x00000cd6       0x22 ./Src/main.o
 .debug_macro   0x00000cf8       0xd9 ./Src/main.o
 .debug_macro   0x00000dd1     0x102d ./Src/main.o
 .debug_macro   0x00001dfe      0x11f ./Src/main.o
 .debug_macro   0x00001f1d    0x15e3c ./Src/main.o
 .debug_macro   0x00017d59      0x1ac ./Src/my_ledd.o
 .debug_macro   0x00017f05       0xe1 ./Src/system_stm32f4xx.o
 .debug_macro   0x00017fe6       0x2e ./Src/system_stm32f4xx.o
 .debug_macro   0x00018014       0x4a ./Src/system_stm32f4xx.o

.debug_line     0x00000000     0x16c5
 .debug_line    0x00000000      0x7f1 ./Src/main.o
 .debug_line    0x000007f1      0x80f ./Src/my_ledd.o
 .debug_line    0x00001000      0x64a ./Src/system_stm32f4xx.o
 .debug_line    0x0000164a       0x7b ./Startup/startup_stm32f407vgtx.o

.debug_str      0x00000000    0x8b81f
 .debug_str     0x00000000    0x8b81f ./Src/main.o
                              0x8b4be (size before relaxing)
 .debug_str     0x0008b81f    0x8b50b ./Src/my_ledd.o
 .debug_str     0x0008b81f    0x87e49 ./Src/system_stm32f4xx.o
 .debug_str     0x0008b81f       0x94 ./Startup/startup_stm32f407vgtx.o

.comment        0x00000000       0x43
 .comment       0x00000000       0x43 ./Src/main.o
                                 0x44 (size before relaxing)
 .comment       0x00000043       0x44 ./Src/my_ledd.o
 .comment       0x00000043       0x44 ./Src/system_stm32f4xx.o

.debug_frame    0x00000000      0x174
 .debug_frame   0x00000000       0x54 ./Src/main.o
 .debug_frame   0x00000054       0x70 ./Src/my_ledd.o
 .debug_frame   0x000000c4       0x84 ./Src/system_stm32f4xx.o
 .debug_frame   0x00000148       0x2c C:/Users/hp/Desktop/STM32CubeIDE_1.19.0/STM32CubeIDE/plugins/com.st.stm32cube.ide.mcu.externaltools.gnu-tools-for-stm32.13.3.rel1.win32_1.0.0.202411081344/tools/bin/../lib/gcc/arm-none-eabi/13.3.1/../../../../arm-none-eabi/lib/thumb/v7e-m/nofp\libc_nano.a(libc_a-init.o)

.debug_loclists
                0x00000000       0x25
 .debug_loclists
                0x00000000       0x25 ./Src/system_stm32f4xx.o

.debug_line_str
                0x00000000       0x78
 .debug_line_str
                0x00000000       0x78 ./Startup/startup_stm32f407vgtx.o
