Archive member included to satisfy reference by file (symbol)

C:/Users/hp/Desktop/STM32CubeIDE_1.19.0/STM32CubeIDE/plugins/com.st.stm32cube.ide.mcu.externaltools.gnu-tools-for-stm32.13.3.rel1.win32_1.0.0.202411081344/tools/bin/../lib/gcc/arm-none-eabi/13.3.1/../../../../arm-none-eabi/lib/thumb/v7e-m/nofp\libc_nano.a(libc_a-exit.o)
                              C:/Users/hp/Desktop/STM32CubeIDE_1.19.0/STM32CubeIDE/plugins/com.st.stm32cube.ide.mcu.externaltools.gnu-tools-for-stm32.13.3.rel1.win32_1.0.0.202411081344/tools/bin/../lib/gcc/arm-none-eabi/13.3.1/../../../../arm-none-eabi/lib/thumb/v7e-m/nofp/crt0.o (exit)
C:/Users/hp/Desktop/STM32CubeIDE_1.19.0/STM32CubeIDE/plugins/com.st.stm32cube.ide.mcu.externaltools.gnu-tools-for-stm32.13.3.rel1.win32_1.0.0.202411081344/tools/bin/../lib/gcc/arm-none-eabi/13.3.1/../../../../arm-none-eabi/lib/thumb/v7e-m/nofp\libc_nano.a(libc_a-findfp.o)
                              C:/Users/hp/Desktop/STM32CubeIDE_1.19.0/STM32CubeIDE/plugins/com.st.stm32cube.ide.mcu.externaltools.gnu-tools-for-stm32.13.3.rel1.win32_1.0.0.202411081344/tools/bin/../lib/gcc/arm-none-eabi/13.3.1/../../../../arm-none-eabi/lib/thumb/v7e-m/nofp\libc_nano.a(libc_a-exit.o) (__stdio_exit_handler)
C:/Users/hp/Desktop/STM32CubeIDE_1.19.0/STM32CubeIDE/plugins/com.st.stm32cube.ide.mcu.externaltools.gnu-tools-for-stm32.13.3.rel1.win32_1.0.0.202411081344/tools/bin/../lib/gcc/arm-none-eabi/13.3.1/../../../../arm-none-eabi/lib/thumb/v7e-m/nofp\libc_nano.a(libc_a-fwalk.o)
                              C:/Users/hp/Desktop/STM32CubeIDE_1.19.0/STM32CubeIDE/plugins/com.st.stm32cube.ide.mcu.externaltools.gnu-tools-for-stm32.13.3.rel1.win32_1.0.0.202411081344/tools/bin/../lib/gcc/arm-none-eabi/13.3.1/../../../../arm-none-eabi/lib/thumb/v7e-m/nofp\libc_nano.a(libc_a-findfp.o) (_fwalk_sglue)
C:/Users/hp/Desktop/STM32CubeIDE_1.19.0/STM32CubeIDE/plugins/com.st.stm32cube.ide.mcu.externaltools.gnu-tools-for-stm32.13.3.rel1.win32_1.0.0.202411081344/tools/bin/../lib/gcc/arm-none-eabi/13.3.1/../../../../arm-none-eabi/lib/thumb/v7e-m/nofp\libc_nano.a(libc_a-stdio.o)
                              C:/Users/hp/Desktop/STM32CubeIDE_1.19.0/STM32CubeIDE/plugins/com.st.stm32cube.ide.mcu.externaltools.gnu-tools-for-stm32.13.3.rel1.win32_1.0.0.202411081344/tools/bin/../lib/gcc/arm-none-eabi/13.3.1/../../../../arm-none-eabi/lib/thumb/v7e-m/nofp\libc_nano.a(libc_a-findfp.o) (__sread)
C:/Users/hp/Desktop/STM32CubeIDE_1.19.0/STM32CubeIDE/plugins/com.st.stm32cube.ide.mcu.externaltools.gnu-tools-for-stm32.13.3.rel1.win32_1.0.0.202411081344/tools/bin/../lib/gcc/arm-none-eabi/13.3.1/../../../../arm-none-eabi/lib/thumb/v7e-m/nofp\libc_nano.a(libc_a-memset.o)
                              C:/Users/hp/Desktop/STM32CubeIDE_1.19.0/STM32CubeIDE/plugins/com.st.stm32cube.ide.mcu.externaltools.gnu-tools-for-stm32.13.3.rel1.win32_1.0.0.202411081344/tools/bin/../lib/gcc/arm-none-eabi/13.3.1/../../../../arm-none-eabi/lib/thumb/v7e-m/nofp/crt0.o (memset)
C:/Users/hp/Desktop/STM32CubeIDE_1.19.0/STM32CubeIDE/plugins/com.st.stm32cube.ide.mcu.externaltools.gnu-tools-for-stm32.13.3.rel1.win32_1.0.0.202411081344/tools/bin/../lib/gcc/arm-none-eabi/13.3.1/../../../../arm-none-eabi/lib/thumb/v7e-m/nofp\libc_nano.a(libc_a-closer.o)
                              C:/Users/hp/Desktop/STM32CubeIDE_1.19.0/STM32CubeIDE/plugins/com.st.stm32cube.ide.mcu.externaltools.gnu-tools-for-stm32.13.3.rel1.win32_1.0.0.202411081344/tools/bin/../lib/gcc/arm-none-eabi/13.3.1/../../../../arm-none-eabi/lib/thumb/v7e-m/nofp\libc_nano.a(libc_a-stdio.o) (_close_r)
C:/Users/hp/Desktop/STM32CubeIDE_1.19.0/STM32CubeIDE/plugins/com.st.stm32cube.ide.mcu.externaltools.gnu-tools-for-stm32.13.3.rel1.win32_1.0.0.202411081344/tools/bin/../lib/gcc/arm-none-eabi/13.3.1/../../../../arm-none-eabi/lib/thumb/v7e-m/nofp\libc_nano.a(libc_a-reent.o)
                              C:/Users/hp/Desktop/STM32CubeIDE_1.19.0/STM32CubeIDE/plugins/com.st.stm32cube.ide.mcu.externaltools.gnu-tools-for-stm32.13.3.rel1.win32_1.0.0.202411081344/tools/bin/../lib/gcc/arm-none-eabi/13.3.1/../../../../arm-none-eabi/lib/thumb/v7e-m/nofp\libc_nano.a(libc_a-closer.o) (errno)
C:/Users/hp/Desktop/STM32CubeIDE_1.19.0/STM32CubeIDE/plugins/com.st.stm32cube.ide.mcu.externaltools.gnu-tools-for-stm32.13.3.rel1.win32_1.0.0.202411081344/tools/bin/../lib/gcc/arm-none-eabi/13.3.1/../../../../arm-none-eabi/lib/thumb/v7e-m/nofp\libc_nano.a(libc_a-impure.o)
                              C:/Users/hp/Desktop/STM32CubeIDE_1.19.0/STM32CubeIDE/plugins/com.st.stm32cube.ide.mcu.externaltools.gnu-tools-for-stm32.13.3.rel1.win32_1.0.0.202411081344/tools/bin/../lib/gcc/arm-none-eabi/13.3.1/../../../../arm-none-eabi/lib/thumb/v7e-m/nofp\libc_nano.a(libc_a-reent.o) (_impure_ptr)
C:/Users/hp/Desktop/STM32CubeIDE_1.19.0/STM32CubeIDE/plugins/com.st.stm32cube.ide.mcu.externaltools.gnu-tools-for-stm32.13.3.rel1.win32_1.0.0.202411081344/tools/bin/../lib/gcc/arm-none-eabi/13.3.1/../../../../arm-none-eabi/lib/thumb/v7e-m/nofp\libc_nano.a(libc_a-lseekr.o)
[...]
Memory Configuration

Name             Origin             Length             Attributes
CCMRAM           0x10000000         0x00010000         xrw
RAM              0x20000000         0x00020000         xrw
FLASH            0x08000000         0x00100000         xr
*default*        0x00000000         0xffffffff

Linker script and memory map

LOAD C:/Users/hp/Desktop/STM32CubeIDE_1.19.0/STM32CubeIDE/plugins/com.st.stm32cube.ide.mcu.externaltools.gnu-tools-for-stm32.13.3.rel1.win32_1.0.0.202411081344/tools/bin/../lib/gcc/arm-none-eabi/13.3.1/thumb/v7e-m/nofp/crti.o
LOAD C:/Users/hp/Desktop/STM32CubeIDE_1.19.0/STM32CubeIDE/plugins/com.st.stm32cube.ide.mcu.externaltools.gnu-tools-for-stm32.13.3.rel1.win32_1.0.0.202411081344/tools/bin/../lib/gcc/arm-none-eabi/13.3.1/thumb/v7e-m/nofp/crtbegin.o
LOAD C:/Users/hp/Desktop/STM32CubeIDE_1.19.0/STM32CubeIDE/plugins/com.st.stm32cube.ide.mcu.externaltools.gnu-tools-for-stm32.13.3.rel1.win32_1.0.0.202411081344/tools/bin/../lib/gcc/arm-none-eabi/13.3.1/../../../../arm-none-eabi/lib/thumb/v7e-m/nofp/crt0.o
LOAD ./Src/ext_intr.o
LOAD ./Src/itm.o
LOAD ./Src/main.o
LOAD ./Src/my_led.o
LOAD ./Src/syscalls.o
LOAD ./Src/sysmem.o
LOAD ./Src/system_stm32f4xx.o
LOAD ./Startup/startup_stm32f407vgtx.o
START GROUP
LOAD C:/Users/hp/Desktop/STM32CubeIDE_1.19.0/STM32CubeIDE/plugins/com.st.stm32cube.ide.mcu.externaltools.gnu-tools-for-stm32.13.3.rel1.win32_1.0.0.202411081344/tools/bin/../lib/gcc/arm-none-eabi/13.3.1/../../../../arm-none-eabi/lib/thumb/v7e-m/nofp\libc_nano.a
LOAD C:/Users/hp/Desktop/STM32CubeIDE_1.19.0/STM32CubeIDE/plugins/com.st.stm32cube.ide.mcu.externaltools.gnu-tools-for-stm32.13.3.rel1.win32_1.0.0.202411081344/tools/bin/../lib/gcc/arm-none-eabi/13.3.1/../../../../arm-none-eabi/lib/thumb/v7e-m/nofp\libm.a
END GROUP
START GROUP
LOAD C:/Users/hp/Desktop/STM32CubeIDE_1.19.0/STM32CubeIDE/plugins/com.st.stm32cube.ide.mcu.externaltools.gnu-tools-for-stm32.13.3.rel1.win32_1.0.0.202411081344/tools/bin/../lib/gcc/arm-none-eabi/13.3.1/thumb/v7e-m/nofp\libgcc.a
LOAD C:/Users/hp/Desktop/STM32CubeIDE_1.19.0/STM32CubeIDE/plugins/com.st.stm32cube.ide.mcu.externaltools.gnu-tools-for-stm32.13.3.rel1.win32_1.0.0.202411081344/tools/bin/../lib/gcc/arm-none-eabi/13.3.1/../../../../arm-none-eabi/lib/thumb/v7e-m/nofp\libc_nano.a
END GROUP
START GROUP
LOAD C:/Users/hp/Desktop/STM32CubeIDE_1.19.0/STM32CubeIDE/plugins/com.st.stm32cube.ide.mcu.externaltools.gnu-tools-for-stm32.13.3.rel1.win32_1.0.0.202411081344/tools/bin/../lib/gcc/arm-none-eabi/13.3.1/thumb/v7e-m/nofp\libgcc.a
LOAD C:/Users/hp/Desktop/STM32CubeIDE_1.19.0/STM32CubeIDE/plugins/com.st.stm32cube.ide.mcu.externaltools.gnu-tools-for-stm32.13.3.rel1.win32_1.0.0.202411081344/tools/bin/../lib/gcc/arm-none-eabi/13.3.1/../../../../arm-none-eabi/lib/thumb/v7e-m/nofp\libc_nano.a
LOAD C:/Users/hp/Desktop/STM32CubeIDE_1.19.0/STM32CubeIDE/plugins/com.st.stm32cube.ide.mcu.externaltools.gnu-tools-for-stm32.13.3.rel1.win32_1.0.0.202411081344/tools/bin/../lib/gcc/arm-none-eabi/13.3.1/../../../../arm-none-eabi/lib/thumb/v7e-m/nofp\libnosys.a
END GROUP
START GROUP
LOAD C:/Users/hp/Desktop/STM32CubeIDE_1.19.0/STM32CubeIDE/plugins/com.st.stm32cube.ide.mcu.externaltools.gnu-tools-for-stm32.13.3.rel1.win32_1.0.0.202411081344/tools/bin/../lib/gcc/arm-none-eabi/13.3.1/thumb/v7e-m/nofp\libgcc.a
LOAD C:/Users/hp/Desktop/STM32CubeIDE_1.19.0/STM32CubeIDE/plugins/com.st.stm32cube.ide.mcu.externaltools.gnu-tools-for-stm32.13.3.rel1.win32_1.0.0.202411081344/tools/bin/../lib/gcc/arm-none-eabi/13.3.1/../../../../arm-none-eabi/lib/thumb/v7e-m/nofp\libc_nano.a
LOAD C:/Users/hp/Desktop/STM32CubeIDE_1.19.0/STM32CubeIDE/plugins/com.st.stm32cube.ide.mcu.externaltools.gnu-tools-for-stm32.13.3.rel1.win32_1.0.0.202411081344/tools/bin/../lib/gcc/arm-none-eabi/13.3.1/../../../../arm-none-eabi/lib/thumb/v7e-m/nofp\libnosys.a
END GROUP
LOAD C:/Users/hp/Desktop/STM32CubeIDE_1.19.0/STM32CubeIDE/plugins/com.st.stm32cube.ide.mcu.externaltools.gnu-tools-for-stm32.13.3.rel1.win32_1.0.0.202411081344/tools/bin/../lib/gcc/arm-none-eabi/13.3.1/thumb/v7e-m/nofp/crtend.o
LOAD C:/Users/hp/Desktop/STM32CubeIDE_1.19.0/STM32CubeIDE/plugins/com.st.stm32cube.ide.mcu.externaltools.gnu-tools-for-stm32.13.3.rel1.win32_1.0.0.202411081344/tools/bin/../lib/gcc/arm-none-eabi/13.3.1/thumb/v7e-m/nofp/crtn.o
                0x20020000                        _estack = (ORIGIN (RAM) + LENGTH (RAM))
                0x00000200                        _Min_Heap_Size = 0x200
                0x00000400                        _Min_Stack_Size = 0x400

.isr_vector     0x08000000      0x188
                0x08000000                        . = ALIGN (0x4)
 *(.isr_vector)
 .isr_vector    0x08000000      0x188 ./Startup/startup_stm32f407vgtx.o
                0x08000000                g_pfnVectors
                0x08000188                        . = ALIGN (0x4)

.text           0x08000188      0x288
                0x08000188                        . = ALIGN (0x4)
 *(.text)
 .text          0x08000188       0x40 C:/Users/hp/Desktop/STM32CubeIDE_1.19.0/STM32CubeIDE/plugins/com.st.stm32cube.ide.mcu.externaltools.gnu-tools-for-stm32.13.3.rel1.win32_1.0.0.202411081344/tools/bin/../lib/gcc/arm-none-eabi/13.3.1/thumb/v7e-m/nofp/crtbegin.o
 *(.text*)
 .text.extint_init
                0x080001c8       0x54 ./Src/ext_intr.o
                0x080001c8                extint_init
 .text.EXTI0_IRQHandler
                0x0800021c       0x18 ./Src/ext_intr.o
                0x0800021c                EXTI0_IRQHandler
 .text.startup.main
                0x08000234       0x6c ./Src/main.o
                0x08000234                main
 .text.led_init
                0x080002a0       0x50 ./Src/my_led.o
                0x080002a0                led_init
 .text.led_on   0x080002f0       0x14 ./Src/my_led.o
                0x080002f0                led_on
 .text.led_off  0x08000304       0x14 ./Src/my_led.o
                0x08000304                led_off
 .text.SystemInit
                0x08000318       0x44 ./Src/system_stm32f4xx.o
                0x08000318                SystemInit
 .text.Reset_Handler
                0x0800035c       0x50 ./Startup/startup_stm32f407vgtx.o
                0x0800035c                Reset_Handler
 .text.Default_Handler
                0x080003ac        0x2 ./Startup/startup_stm32f407vgtx.o
                0x080003ac                RTC_Alarm_IRQHandler
                0x080003ac                HASH_RNG_IRQHandler
                0x080003ac                EXTI2_IRQHandler
                0x080003ac                TIM8_CC_IRQHandler
                0x080003ac                DebugMon_Handler
                0x080003ac                TIM1_CC_IRQHandler
                0x080003ac                DMA2_Stream5_IRQHandler
                0x080003ac                HardFault_Handler
                0x080003ac                DMA1_Stream5_IRQHandler
                0x080003ac                SysTick_Handler
                0x080003ac                PVD_IRQHandler
                0x080003ac                SDIO_IRQHandler
                0x080003ac                TAMP_STAMP_IRQHandler
                0x080003ac                PendSV_Handler
                0x080003ac                NMI_Handler
                0x080003ac                CAN2_RX1_IRQHandler
                0x080003ac                EXTI3_IRQHandler
                0x080003ac                TIM8_TRG_COM_TIM14_IRQHandler
                0x080003ac                TIM1_UP_TIM10_IRQHandler
                0x080003ac                TIM8_UP_TIM13_IRQHandler
                0x080003ac                I2C3_ER_IRQHandler
                0x080003ac                I2C2_EV_IRQHandler
                0x080003ac                DMA1_Stream2_IRQHandler
                0x080003ac                CAN1_RX0_IRQHandler
                0x080003ac                FPU_IRQHandler
                0x080003ac                OTG_HS_WKUP_IRQHandler
                0x080003ac                UsageFault_Handler
                0x080003ac                CAN2_SCE_IRQHandler
                0x080003ac                DMA2_Stream2_IRQHandler
                0x080003ac                SPI1_IRQHandler
                0x080003ac                TIM6_DAC_IRQHandler
                0x080003ac                TIM1_BRK_TIM9_IRQHandler
                0x080003ac                DCMI_IRQHandler
                0x080003ac                CAN2_RX0_IRQHandler
                0x080003ac                DMA2_Stream3_IRQHandler
                0x080003ac                USART6_IRQHandler
                0x080003ac                USART3_IRQHandler
                0x080003ac                CRYP_IRQHandler
                0x080003ac                CAN1_RX1_IRQHandler
                0x080003ac                UART5_IRQHandler
                0x080003ac                DMA2_Stream0_IRQHandler
                0x080003ac                TIM4_IRQHandler
                0x080003ac                I2C1_EV_IRQHandler
                0x080003ac                DMA1_Stream6_IRQHandler
                0x080003ac                DMA1_Stream1_IRQHandler
                0x080003ac                UART4_IRQHandler
                0x080003ac                TIM3_IRQHandler
                0x080003ac                RCC_IRQHandler
                0x080003ac                TIM8_BRK_TIM12_IRQHandler
                0x080003ac                Default_Handler
                0x080003ac                EXTI15_10_IRQHandler
                0x080003ac                ADC_IRQHandler
                0x080003ac                DMA1_Stream7_IRQHandler
                0x080003ac                TIM7_IRQHandler
                0x080003ac                CAN2_TX_IRQHandler
                0x080003ac                TIM5_IRQHandler
                0x080003ac                DMA2_Stream7_IRQHandler
                0x080003ac                I2C3_EV_IRQHandler
                0x080003ac                EXTI9_5_IRQHandler
                0x080003ac                RTC_WKUP_IRQHandler
                0x080003ac                ETH_WKUP_IRQHandler
                0x080003ac                SPI2_IRQHandler
                0x080003ac                OTG_HS_EP1_IN_IRQHandler
                0x080003ac                MemManage_Handler
                0x080003ac                DMA1_Stream0_IRQHandler
                0x080003ac                CAN1_TX_IRQHandler
                0x080003ac                SVC_Handler
                0x080003ac                EXTI4_IRQHandler
                0x080003ac                FSMC_IRQHandler
                0x080003ac                ETH_IRQHandler
                0x080003ac                OTG_HS_EP1_OUT_IRQHandler
                0x080003ac                WWDG_IRQHandler
                0x080003ac                TIM2_IRQHandler
                0x080003ac                OTG_FS_WKUP_IRQHandler
                0x080003ac                TIM1_TRG_COM_TIM11_IRQHandler
                0x080003ac                OTG_HS_IRQHandler
                0x080003ac                EXTI1_IRQHandler
                0x080003ac                USART2_IRQHandler
                0x080003ac                I2C2_ER_IRQHandler
                0x080003ac                DMA2_Stream1_IRQHandler
                0x080003ac                CAN1_SCE_IRQHandler
                0x080003ac                DMA2_Stream4_IRQHandler
                0x080003ac                BusFault_Handler
                0x080003ac                USART1_IRQHandler
                0x080003ac                OTG_FS_IRQHandler
                0x080003ac                SPI3_IRQHandler
                0x080003ac                DMA1_Stream4_IRQHandler
                0x080003ac                I2C1_ER_IRQHandler
                0x080003ac                DMA2_Stream6_IRQHandler
                0x080003ac                DMA1_Stream3_IRQHandler
 *fill*         0x080003ae        0x2 
 .text.__libc_init_array
                0x080003b0       0x48 C:/Users/hp/Desktop/STM32CubeIDE_1.19.0/STM32CubeIDE/plugins/com.st.stm32cube.ide.mcu.externaltools.gnu-tools-for-stm32.13.3.rel1.win32_1.0.0.202411081344/tools/bin/../lib/gcc/arm-none-eabi/13.3.1/../../../../arm-none-eabi/lib/thumb/v7e-m/nofp\libc_nano.a(libc_a-init.o)
                0x080003b0                __libc_init_array
 *(.glue_7)
 .glue_7        0x080003f8        0x0 linker stubs
 *(.glue_7t)
 .glue_7t       0x080003f8        0x0 linker stubs
 *(.eh_frame)
 .eh_frame      0x080003f8        0x0 C:/Users/hp/Desktop/STM32CubeIDE_1.19.0/STM32CubeIDE/plugins/com.st.stm32cube.ide.mcu.externaltools.gnu-tools-for-stm32.13.3.rel1.win32_1.0.0.202411081344/tools/bin/../lib/gcc/arm-none-eabi/13.3.1/thumb/v7e-m/nofp/crtbegin.o
 *(.init)
 .init          0x080003f8        0x4 C:/Users/hp/Desktop/STM32CubeIDE_1.19.0/STM32CubeIDE/plugins/com.st.stm32cube.ide.mcu.externaltools.gnu-tools-for-stm32.13.3.rel1.win32_1.0.0.202411081344/tools/bin/../lib/gcc/arm-none-eabi/13.3.1/thumb/v7e-m/nofp/crti.o
                0x080003f8                _init
 .init          0x080003fc        0x8 C:/Users/hp/Desktop/STM32CubeIDE_1.19.0/STM32CubeIDE/plugins/com.st.stm32cube.ide.mcu.externaltools.gnu-tools-for-stm32.13.3.rel1.win32_1.0.0.202411081344/tools/bin/../lib/gcc/arm-none-eabi/13.3.1/thumb/v7e-m/nofp/crtn.o
 *(.fini)
 .fini          0x08000404        0x4 C:/Users/hp/Desktop/STM32CubeIDE_1.19.0/STM32CubeIDE/plugins/com.st.stm32cube.ide.mcu.externaltools.gnu-tools-for-stm32.13.3.rel1.win32_1.0.0.202411081344/tools/bin/../lib/gcc/arm-none-eabi/13.3.1/thumb/v7e-m/nofp/crti.o
                0x08000404                _fini
 .fini          0x08000408        0x8 C:/Users/hp/Desktop/STM32CubeIDE_1.19.0/STM32CubeIDE/plugins/com.st.stm32cube.ide.mcu.externaltools.gnu-tools-for-stm32.13.3.rel1.win32_1.0.0.202411081344/tools/bin/../lib/gcc/arm-none-eabi/13.3.1/thumb/v7e-m/nofp/crtn.o
                0x08000410                        . = ALIGN (0x4)
                0x08000410                        _etext = .

.vfp11_veneer   0x08000410        0x0
 .vfp11_veneer  0x08000410        0x0 linker stubs

.v4_bx          0x08000410        0x0
 .v4_bx         0x08000410        0x0 linker stubs

.iplt           0x08000410        0x0
 .iplt          0x08000410        0x0 C:/Users/hp/Desktop/STM32CubeIDE_1.19.0/STM32CubeIDE/plugins/com.st.stm32cube.ide.mcu.externaltools.gnu-tools-for-stm32.13.3.rel1.win32_1.0.0.202411081344/tools/bin/../lib/gcc/arm-none-eabi/13.3.1/thumb/v7e-m/nofp/crtbegin.o

.rodata         0x08000410        0x0
                0x08000410                        . = ALIGN (0x4)
 *(.rodata)
 *(.rodata*)
                0x08000410                        . = ALIGN (0x4)

.ARM.extab      0x08000410        0x0
                0x08000410                        . = ALIGN (0x4)
 *(.ARM.extab* .gnu.linkonce.armextab.*)
                0x08000410                        . = ALIGN (0x4)

.ARM            0x08000410        0x0
                0x08000410                        . = ALIGN (0x4)
                0x08000410                        __exidx_start = .
 *(.ARM.exidx*)
                0x08000410                        __exidx_end = .
                0x08000410                        . = ALIGN (0x4)

.preinit_array  0x08000410        0x0
                0x08000410                        . = ALIGN (0x4)
                0x08000410                        PROVIDE (__preinit_array_start = .)
 *(.preinit_array*)
                0x08000410                        PROVIDE (__preinit_array_end = .)
                0x08000410                        . = ALIGN (0x4)

.init_array     0x08000410        0x4
                0x08000410                        . = ALIGN (0x4)
                0x08000410                        PROVIDE (__init_array_start = .)
 *(SORT_BY_NAME(.init_array.*))
 *(.init_array*)
 .init_array    0x08000410        0x4 C:/Users/hp/Desktop/STM32CubeIDE_1.19.0/STM32CubeIDE/plugins/com.st.stm32cube.ide.mcu.externaltools.gnu-tools-for-stm32.13.3.rel1.win32_1.0.0.202411081344/tools/bin/../lib/gcc/arm-none-eabi/13.3.1/thumb/v7e-m/nofp/crtbegin.o
                0x08000414                        PROVIDE (__init_array_end = .)
                0x08000414                        . = ALIGN (0x4)

.fini_array     0x08000414        0x4
                0x08000414                        . = ALIGN (0x4)
                [!provide]                        PROVIDE (__fini_array_start = .)
 *(SORT_BY_NAME(.fini_array.*))
 *(.fini_array*)
 .fini_array    0x08000414        0x4 C:/Users/hp/Desktop/STM32CubeIDE_1.19.0/STM32CubeIDE/plugins/com.st.stm32cube.ide.mcu.externaltools.gnu-tools-for-stm32.13.3.rel1.win32_1.0.0.202411081344/tools/bin/../lib/gcc/arm-none-eabi/13.3.1/thumb/v7e-m/nofp/crtbegin.o
                [!provide]                        PROVIDE (__fini_array_end = .)
                0x08000418                        . = ALIGN (0x4)
                0x08000418                        _sidata = LOADADDR (.data)

.rel.dyn        0x08000418        0x0
 .rel.iplt      0x08000418        0x0 C:/Users/hp/Desktop/STM32CubeIDE_1.19.0/STM32CubeIDE/plugins/com.st.stm32cube.ide.mcu.externaltools.gnu-tools-for-stm32.13.3.rel1.win32_1.0.0.202411081344/tools/bin/../lib/gcc/arm-none-eabi/13.3.1/thumb/v7e-m/nofp/crtbegin.o

.data           0x20000000        0x4 load address 0x08000418
                0x20000000                        . = ALIGN (0x4)
                0x20000000                        _sdata = .
 *(.data)
 *(.data*)
 .data.SystemCoreClock
                0x20000000        0x4 ./Src/system_stm32f4xx.o
                0x20000000                SystemCoreClock
 *(.RamFunc)
 *(.RamFunc*)
                0x20000004                        . = ALIGN (0x4)
                0x20000004                        _edata = .
                0x0800041c                        _siccmram = LOADADDR (.ccmram)

.igot.plt       0x20000004        0x0 load address 0x0800041c
 .igot.plt      0x20000004        0x0 C:/Users/hp/Desktop/STM32CubeIDE_1.19.0/STM32CubeIDE/plugins/com.st.stm32cube.ide.mcu.externaltools.gnu-tools-for-stm32.13.3.rel1.win32_1.0.0.202411081344/tools/bin/../lib/gcc/arm-none-eabi/13.3.1/thumb/v7e-m/nofp/crtbegin.o

.ccmram         0x10000000        0x0 load address 0x0800041c
                0x10000000                        . = ALIGN (0x4)
                0x10000000                        _sccmram = .
 *(.ccmram)
 *(.ccmram*)
                0x10000000                        . = ALIGN (0x4)
                0x10000000                        _eccmram = .
                0x10000000                        . = ALIGN (0x4)

.bss            0x20000004       0x20
                0x20000004                        _sbss = .
                0x20000004                        __bss_start__ = _sbss
 *(.bss)
 .bss           0x20000004       0x1c C:/Users/hp/Desktop/STM32CubeIDE_1.19.0/STM32CubeIDE/plugins/com.st.stm32cube.ide.mcu.externaltools.gnu-tools-for-stm32.13.3.rel1.win32_1.0.0.202411081344/tools/bin/../lib/gcc/arm-none-eabi/13.3.1/thumb/v7e-m/nofp/crtbegin.o
 *(.bss*)
 .bss.ext_flag  0x20000020        0x4 ./Src/ext_intr.o
                0x20000020                ext_flag
 *(COMMON)
                0x20000024                        . = ALIGN (0x4)
                0x20000024                        _ebss = .
                0x20000024                        __bss_end__ = _ebss

._user_heap_stack
                0x20000024      0x604
                0x20000028                        . = ALIGN (0x8)
 *fill*         0x20000024        0x4 
                [!provide]                        PROVIDE (end = .)
                0x20000028                        PROVIDE (_end = .)
                0x20000228                        . = (. + _Min_Heap_Size)
 *fill*         0x20000028      0x200 
                0x20000628                        . = (. + _Min_Stack_Size)
 *fill*         0x20000228      0x400 
                0x20000628                        . = ALIGN (0x8)

/DISCARD/
 libc.a(*)
 libm.a(*)
 libgcc.a(*)

.ARM.attributes
                0x00000000       0x2a
 *(.ARM.attributes)
 .ARM.attributes
                0x00000000       0x1e C:/Users/hp/Desktop/STM32CubeIDE_1.19.0/STM32CubeIDE/plugins/com.st.stm32cube.ide.mcu.externaltools.gnu-tools-for-stm32.13.3.rel1.win32_1.0.0.202411081344/tools/bin/../lib/gcc/arm-none-eabi/13.3.1/thumb/v7e-m/nofp/crti.o
 .ARM.attributes
                0x0000001e       0x2e C:/Users/hp/Desktop/STM32CubeIDE_1.19.0/STM32CubeIDE/plugins/com.st.stm32cube.ide.mcu.externaltools.gnu-tools-for-stm32.13.3.rel1.win32_1.0.0.202411081344/tools/bin/../lib/gcc/arm-none-eabi/13.3.1/thumb/v7e-m/nofp/crtbegin.o
 .ARM.attributes
                0x0000004c       0x2e ./Src/ext_intr.o
 .ARM.attributes
                0x0000007a       0x2e ./Src/main.o
 .ARM.attributes
                0x000000a8       0x2e ./Src/my_led.o
 .ARM.attributes
                0x000000d6       0x2e ./Src/system_stm32f4xx.o
 .ARM.attributes
                0x00000104       0x21 ./Startup/startup_stm32f407vgtx.o
 .ARM.attributes
                0x00000125       0x2e C:/Users/hp/Desktop/STM32CubeIDE_1.19.0/STM32CubeIDE/plugins/com.st.stm32cube.ide.mcu.externaltools.gnu-tools-for-stm32.13.3.rel1.win32_1.0.0.202411081344/tools/bin/../lib/gcc/arm-none-eabi/13.3.1/../../../../arm-none-eabi/lib/thumb/v7e-m/nofp\libc_nano.a(libc_a-init.o)
 .ARM.attributes
                0x00000153       0x1e C:/Users/hp/Desktop/STM32CubeIDE_1.19.0/STM32CubeIDE/plugins/com.st.stm32cube.ide.mcu.externaltools.gnu-tools-for-stm32.13.3.rel1.win32_1.0.0.202411081344/tools/bin/../lib/gcc/arm-none-eabi/13.3.1/thumb/v7e-m/nofp/crtn.o
OUTPUT(ASSIGN_Q2.elf elf32-littlearm)
LOAD linker stubs
LOAD C:/Users/hp/Desktop/STM32CubeIDE_1.19.0/STM32CubeIDE/plugins/com.st.stm32cube.ide.mcu.externaltools.gnu-tools-for-stm32.13.3.rel1.win32_1.0.0.202411081344/tools/bin/../lib/gcc/arm-none-eabi/13.3.1/../../../../arm-none-eabi/lib/thumb/v7e-m/nofp\libc.a
LOAD C:/Users/hp/Desktop/STM32CubeIDE_1.19.0/STM32CubeIDE/plugins/com.st.stm32cube.ide.mcu.externaltools.gnu-tools-for-stm32.13.3.rel1.win32_1.0.0.202411081344/tools/bin/../lib/gcc/arm-none-eabi/13.3.1/../../../../arm-none-eabi/lib/thumb/v7e-m/nofp\libm.a
LOAD C:/Users/hp/Desktop/STM32CubeIDE_1.19.0/STM32CubeIDE/plugins/com.st.stm32cube.ide.mcu.externaltools.gnu-tools-for-stm32.13.3.rel1.win32_1.0.0.202411081344/tools/bin/../lib/gcc/arm-none-eabi/13.3.1/thumb/v7e-m/nofp\libgcc.a

.debug_info     0x00000000     0x1629
 .debug_info    0x00000000      0x7d3 ./Src/ext_intr.o
 .debug_info    0x000007d3      0x33b ./Src/main.o
 .debug_info    0x00000b0e      0x56c ./Src/my_led.o
 .debug_info    0x0000107a      0x57f ./Src/system_stm32f4xx.o
 .debug_info    0x000015f9       0x30 ./Startup/startup_stm32f407vgtx.o

.debug_abbrev   0x00000000      0x629
 .debug_abbrev  0x00000000      0x180 ./Src/ext_intr.o
 .debug_abbrev  0x00000180      0x19b ./Src/main.o
 .debug_abbrev  0x0000031b      0x176 ./Src/my_led.o
 .debug_abbrev  0x00000491      0x174 ./Src/system_stm32f4xx.o
 .debug_abbrev  0x00000605       0x24 ./Startup/startup_stm32f407vgtx.o

.debug_loclists
                0x00000000      0x1b3
 .debug_loclists
                0x00000000       0x18 ./Src/ext_intr.o
 .debug_loclists
                0x00000018       0x5f ./Src/main.o
 .debug_loclists
                0x00000077       0x34 ./Src/my_led.o
 .debug_loclists
                0x000000ab      0x108 ./Src/system_stm32f4xx.o

.debug_aranges  0x00000000       0xe0
 .debug_aranges
                0x00000000       0x28 ./Src/ext_intr.o
 .debug_aranges
                0x00000028       0x20 ./Src/main.o
 .debug_aranges
                0x00000048       0x38 ./Src/my_led.o
 .debug_aranges
                0x00000080       0x38 ./Src/system_stm32f4xx.o
 .debug_aranges
                0x000000b8       0x28 ./Startup/startup_stm32f407vgtx.o

.debug_rnglists
                0x00000000       0xe0
 .debug_rnglists
                0x00000000       0x28 ./Src/ext_intr.o
 .debug_rnglists
                0x00000028       0x3a ./Src/main.o
 .debug_rnglists
                0x00000062       0x40 ./Src/my_led.o
 .debug_rnglists
                0x000000a2       0x25 ./Src/system_stm32f4xx.o
 .debug_rnglists
                0x000000c7       0x19 ./Startup/startup_stm32f407vgtx.o

.debug_macro    0x00000000    0x19157
 .debug_macro   0x00000000      0x1ab ./Src/ext_intr.o
 .debug_macro   0x000001ab      0xad8 ./Src/ext_intr.o
 .debug_macro   0x00000c83       0x22 ./Src/ext_intr.o
 .debug_macro   0x00000ca5       0x8e ./Src/ext_intr.o
 .debug_macro   0x00000d33       0x51 ./Src/ext_intr.o
 .debug_macro   0x00000d84      0x103 ./Src/ext_intr.o
 .debug_macro   0x00000e87       0x6a ./Src/ext_intr.o
 .debug_macro   0x00000ef1      0x1df ./Src/ext_intr.o
 .debug_macro   0x000010d0       0x61 ./Src/ext_intr.o
 .debug_macro   0x00001131       0x24 ./Src/ext_intr.o
 .debug_macro   0x00001155       0x43 ./Src/ext_intr.o
 .debug_macro   0x00001198       0x34 ./Src/ext_intr.o
 .debug_macro   0x000011cc       0x16 ./Src/ext_intr.o
 .debug_macro   0x000011e2       0x9e ./Src/ext_intr.o
 .debug_macro   0x00001280      0x370 ./Src/ext_intr.o
 .debug_macro   0x000015f0      0x112 ./Src/ext_intr.o
 .debug_macro   0x00001702       0x10 ./Src/ext_intr.o
 .debug_macro   0x00001712       0x16 ./Src/ext_intr.o
 .debug_macro   0x00001728       0x4a ./Src/ext_intr.o
 .debug_macro   0x00001772       0x34 ./Src/ext_intr.o
 .debug_macro   0x000017a6       0x10 ./Src/ext_intr.o
 .debug_macro   0x000017b6       0x58 ./Src/ext_intr.o
 .debug_macro   0x0000180e       0x8e ./Src/ext_intr.o
 .debug_macro   0x0000189c       0x1c ./Src/ext_intr.o
 .debug_macro   0x000018b8      0x185 ./Src/ext_intr.o
 .debug_macro   0x00001a3d       0x16 ./Src/ext_intr.o
 .debug_macro   0x00001a53       0x16 ./Src/ext_intr.o
 .debug_macro   0x00001a69      0x146 ./Src/ext_intr.o
 .debug_macro   0x00001baf       0x2f ./Src/ext_intr.o
 .debug_macro   0x00001bde       0x1c ./Src/ext_intr.o
 .debug_macro   0x00001bfa       0x22 ./Src/ext_intr.o
 .debug_macro   0x00001c1c       0xd9 ./Src/ext_intr.o
 .debug_macro   0x00001cf5     0x102d ./Src/ext_intr.o
 .debug_macro   0x00002d22      0x11f ./Src/ext_intr.o
 .debug_macro   0x00002e41    0x15e3c ./Src/ext_intr.o
 .debug_macro   0x00018c7d       0x28 ./Src/ext_intr.o
 .debug_macro   0x00018ca5      0x1b5 ./Src/main.o
 .debug_macro   0x00018e5a      0x1ab ./Src/my_led.o
 .debug_macro   0x00019005       0xda ./Src/system_stm32f4xx.o
 .debug_macro   0x000190df       0x2e ./Src/system_stm32f4xx.o
 .debug_macro   0x0001910d       0x4a ./Src/system_stm32f4xx.o

.debug_line     0x00000000     0x20f6
 .debug_line    0x00000000      0x865 ./Src/ext_intr.o
 .debug_line    0x00000865      0x87b ./Src/main.o
 .debug_line    0x000010e0      0x8d5 ./Src/my_led.o
 .debug_line    0x000019b5      0x6c6 ./Src/system_stm32f4xx.o
 .debug_line    0x0000207b       0x7b ./Startup/startup_stm32f407vgtx.o

.debug_str      0x00000000    0x8bdfc
 .debug_str     0x00000000    0x8bdfc ./Src/ext_intr.o
                              0x8bafa (size before relaxing)
 .debug_str     0x0008bdfc    0x8b526 ./Src/main.o
 .debug_str     0x0008bdfc    0x8b61c ./Src/my_led.o
 .debug_str     0x0008bdfc    0x87e2e ./Src/system_stm32f4xx.o
 .debug_str     0x0008bdfc       0x89 ./Startup/startup_stm32f407vgtx.o

.comment        0x00000000       0x43
 .comment       0x00000000       0x43 ./Src/ext_intr.o
                                 0x44 (size before relaxing)
 .comment       0x00000043       0x44 ./Src/main.o
 .comment       0x00000043       0x44 ./Src/my_led.o
 .comment       0x00000043       0x44 ./Src/system_stm32f4xx.o

.debug_frame    0x00000000      0x130
 .debug_frame   0x00000000       0x30 ./Src/ext_intr.o
 .debug_frame   0x00000030       0x28 ./Src/main.o
 .debug_frame   0x00000058       0x5c ./Src/my_led.o
 .debug_frame   0x000000b4       0x50 ./Src/system_stm32f4xx.o
 .debug_frame   0x00000104       0x2c C:/Users/hp/Desktop/STM32CubeIDE_1.19.0/STM32CubeIDE/plugins/com.st.stm32cube.ide.mcu.externaltools.gnu-tools-for-stm32.13.3.rel1.win32_1.0.0.202411081344/tools/bin/../lib/gcc/arm-none-eabi/13.3.1/../../../../arm-none-eabi/lib/thumb/v7e-m/nofp\libc_nano.a(libc_a-init.o)

.debug_line_str
                0x00000000       0x6d
 .debug_line_str
                0x00000000       0x6d ./Startup/startup_stm32f407vgtx.o
